


ARM Macro Assembler    Page 1 


    1 00000000                 thumb
    2 00000000                 area             moncode, code, readonly
    3 00000000         
    4 00000000 40010C10 
                       GPIOB_BSRR
                               equ              0x40010C10  ; Bit Set/Reset reg
                                                            ister
    5 00000000         
    6 00000000                 extern           var
    7 00000000                 export           timer_callback
    8 00000000         
    9 00000000         
   10 00000000         timer_callback
                               proc
   11 00000000 4A09            ldr              r2, =var
   12 00000002 6810            ldr              r0, [r2]
   13 00000004 4B09            ldr              r3, =GPIOB_BSRR
   14 00000006 2800            cmp              r0, #0
   15 00000008 D006            beq              zero
   16 0000000A         
   17 0000000A         ; mise a zero de PB1 ;
   18 0000000A         
   19 0000000A F44F 3100       mov              r1, #0x00020000
   20 0000000E 6019            str              r1, [r3]
   21 00000010 F04F 0100       mov              r1,#0
   22 00000014 6011            str              r1,[r2]
   23 00000016 E005            b                fin
   24 00000018         
   25 00000018         ; mise a 1 de PB1 ;
   26 00000018         
   27 00000018 F04F 0102 
                       zero    mov              r1, #0x00000002
   28 0000001C 6019            str              r1, [r3]
   29 0000001E F04F 0101       mov              r1, #1
   30 00000022 6011            str              r1,[r2]
   31 00000024 4770    fin     bx               lr
   32 00000026         
   33 00000026                 endp
   34 00000026 00 00           ALIGN
   35 00000028                 end
              00000000 
              40010C10 
Command Line: --debug --xref --diag_suppress=9931 --cpu=Cortex-M3 --apcs=interw
ork --depend=.\obj\carre.d -o.\obj\carre.o -I.\RTE\_Simu -IC:\Users\momof\AppDa
ta\Local\Arm\Packs\ARM\CMSIS\5.6.0\CMSIS\Core\Include -IC:\Users\momof\AppData\
Local\Arm\Packs\Keil\STM32F1xx_DFP\2.3.0\Device\Include --predefine="__EVAL SET
A 1" --predefine="__MICROLIB SETA 1" --predefine="__UVISION_VERSION SETA 529" -
-predefine="_RTE_ SETA 1" --predefine="STM32F10X_MD SETA 1" --list=carre.lst Sr
c\Carre.s



ARM Macro Assembler    Page 1 Alphabetic symbol ordering
Relocatable symbols

fin 00000024

Symbol: fin
   Definitions
      At line 31 in file Src\Carre.s
   Uses
      At line 23 in file Src\Carre.s
Comment: fin used once
moncode 00000000

Symbol: moncode
   Definitions
      At line 2 in file Src\Carre.s
   Uses
      None
Comment: moncode unused
timer_callback 00000000

Symbol: timer_callback
   Definitions
      At line 10 in file Src\Carre.s
   Uses
      At line 7 in file Src\Carre.s
Comment: timer_callback used once
zero 00000018

Symbol: zero
   Definitions
      At line 27 in file Src\Carre.s
   Uses
      At line 15 in file Src\Carre.s
Comment: zero used once
4 symbols



ARM Macro Assembler    Page 1 Alphabetic symbol ordering
Absolute symbols

GPIOB_BSRR 40010C10

Symbol: GPIOB_BSRR
   Definitions
      At line 4 in file Src\Carre.s
   Uses
      At line 13 in file Src\Carre.s
Comment: GPIOB_BSRR used once
1 symbol



ARM Macro Assembler    Page 1 Alphabetic symbol ordering
External symbols

var 00000000

Symbol: var
   Definitions
      At line 6 in file Src\Carre.s
   Uses
      At line 11 in file Src\Carre.s
Comment: var used once
1 symbol
343 symbols in table
