


ARM Macro Assembler    Page 1 


    1 00000000                 thumb
    2 00000000                 area             moncode, code, readonly
    3 00000000                 extern           TabSig
    4 00000000                 extern           TabSin
    5 00000000                 extern           TabCos
    6 00000000                 export           reel
    7 00000000         ;
    8 00000000         reel    proc
    9 00000000         ;somme de i allant de 0 a N-1, de xi * cos(ik2pi/N)
   10 00000000         ;3 args entree: valeur de k, valeur deb tab cos/sin, val
                        deb tab signal
   11 00000000         ; r0 contient signal, r1 contient k, r2 contient tab cos
                        sin
   12 00000000 B500            push             {lr}
   13 00000002         ; r12 correspond a l'iterateur boucle for 
   14 00000002         ; r3 contient res
   15 00000002 F04F 0C00       mov              r12,#0
   16 00000006 00000008 
                       N       equ              8
   17 00000006 B410            push             {r4}
   18 00000008 B420            push             {r5}
   19 0000000A         boucle
   20 0000000A FB0C F301       mul              r3,r12,r1
   21 0000000E         ; i*k dans r3
   22 0000000E F003 0308       and              r3, #N
   23 00000012         ;modulo avec N dans r3 (-> index du cos)
   24 00000012 4C07            ldr              r4, =TabCos
   25 00000014 F934 3013       ldrsh            r3, [r4,r3, lsl #1]
   26 00000018 F930 501C       ldrsh            r5, [r0, r12, lsl #1]
   27 0000001C FB03 F305       mul              r3, r5
   28 00000020 F10C 0C01       add              r12,#1
   29 00000024 F1BC 0F40       cmp              r12, #64
   30 00000028 DBEF            blt              boucle
   31 0000002A BC20            pop              {r5}
   32 0000002C BC10            pop              {r4}
   33 0000002E BD00            pop              {pc}
   34 00000030                 endp
   35 00000030         
   36 00000030                 end
              00000000 
Command Line: --debug --xref --diag_suppress=9931 --cpu=Cortex-M3 --apcs=interw
ork --depend=.\obj\dft.d -o.\obj\dft.o -I.\RTE\_reel -IC:\Users\leoni\AppData\L
ocal\Arm\Packs\ARM\CMSIS\5.6.0\CMSIS\Core\Include -IC:\Users\leoni\AppData\Loca
l\Arm\Packs\Keil\STM32F1xx_DFP\2.3.0\Device\Include --predefine="__EVAL SETA 1"
 --predefine="__MICROLIB SETA 1" --predefine="__UVISION_VERSION SETA 529" --pre
define="_RTE_ SETA 1" --predefine="STM32F10X_MD SETA 1" --list=dft.lst dft.s



ARM Macro Assembler    Page 1 Alphabetic symbol ordering
Relocatable symbols

boucle 0000000A

Symbol: boucle
   Definitions
      At line 19 in file dft.s
   Uses
      At line 30 in file dft.s
Comment: boucle used once
moncode 00000000

Symbol: moncode
   Definitions
      At line 2 in file dft.s
   Uses
      None
Comment: moncode unused
reel 00000000

Symbol: reel
   Definitions
      At line 8 in file dft.s
   Uses
      At line 6 in file dft.s
Comment: reel used once
3 symbols



ARM Macro Assembler    Page 1 Alphabetic symbol ordering
Absolute symbols

N 00000008

Symbol: N
   Definitions
      At line 16 in file dft.s
   Uses
      At line 22 in file dft.s
Comment: N used once
1 symbol



ARM Macro Assembler    Page 1 Alphabetic symbol ordering
External symbols

TabCos 00000000

Symbol: TabCos
   Definitions
      At line 5 in file dft.s
   Uses
      At line 24 in file dft.s
Comment: TabCos used once
TabSig 00000000

Symbol: TabSig
   Definitions
      At line 3 in file dft.s
   Uses
      None
Comment: TabSig unused
TabSin 00000000

Symbol: TabSin
   Definitions
      At line 4 in file dft.s
   Uses
      None
Comment: TabSin unused
3 symbols
344 symbols in table
